// Jest Snapshot v1, https://goo.gl/fbAQLP

exports[`Storyshots @millifx/app/components/Button Button 1`] = `
<button
  className="ant-btn ant-btn-primary"
  disabled={false}
  onClick={[Function]}
  type="button"
>
  <span>
    Button
  </span>
</button>
`;

exports[`Storyshots @millifx/app/components/InvitationForm Default 1`] = `
<form
  className="ant-form ant-form-horizontal"
  id="basic"
  onSubmit={[Function]}
>
  <div
    className="ant-row ant-form-item"
    style={
      Object {
        "marginBottom": undefined,
        "marginLeft": undefined,
        "marginRight": undefined,
        "marginTop": undefined,
      }
    }
  >
    <div
      className="ant-col ant-col-8 ant-form-item-label"
      style={Object {}}
    >
      <label
        className="ant-form-item-required"
        htmlFor="basic_username"
        title="Username"
      >
        Username
      </label>
    </div>
    <div
      className="ant-col ant-col-16 ant-form-item-control"
      style={Object {}}
    >
      <div
        className="ant-form-item-control-input"
      >
        <div
          className="ant-form-item-control-input-content"
        >
          <input
            className="ant-input"
            id="basic_username"
            onBlur={[Function]}
            onChange={[Function]}
            onFocus={[Function]}
            onKeyDown={[Function]}
            type="text"
            value=""
          />
        </div>
      </div>
    </div>
  </div>
  <div
    className="ant-row ant-form-item"
    style={
      Object {
        "marginBottom": undefined,
        "marginLeft": undefined,
        "marginRight": undefined,
        "marginTop": undefined,
      }
    }
  >
    <div
      className="ant-col ant-col-8 ant-form-item-label"
      style={Object {}}
    >
      <label
        className="ant-form-item-required"
        htmlFor="basic_password"
        title="Password"
      >
        Password
      </label>
    </div>
    <div
      className="ant-col ant-col-16 ant-form-item-control"
      style={Object {}}
    >
      <div
        className="ant-form-item-control-input"
      >
        <div
          className="ant-form-item-control-input-content"
        >
          <span
            className="ant-input-affix-wrapper ant-input-password"
            onMouseUp={[Function]}
          >
            <input
              action="click"
              className="ant-input"
              id="basic_password"
              onBlur={[Function]}
              onChange={[Function]}
              onFocus={[Function]}
              onKeyDown={[Function]}
              style={null}
              type="password"
              value=""
            />
            <span
              className="ant-input-suffix"
            >
              <span
                aria-label="eye-invisible"
                className="anticon anticon-eye-invisible ant-input-password-icon"
                onClick={[Function]}
                onMouseDown={[Function]}
                onMouseUp={[Function]}
                role="img"
                tabIndex={-1}
              >
                <svg
                  aria-hidden="true"
                  data-icon="eye-invisible"
                  fill="currentColor"
                  focusable="false"
                  height="1em"
                  viewBox="64 64 896 896"
                  width="1em"
                >
                  <path
                    d="M942.2 486.2Q889.47 375.11 816.7 305l-50.88 50.88C807.31 395.53 843.45 447.4 874.7 512 791.5 684.2 673.4 766 512 766q-72.67 0-133.87-22.38L323 798.75Q408 838 512 838q288.3 0 430.2-300.3a60.29 60.29 0 000-51.5zm-63.57-320.64L836 122.88a8 8 0 00-11.32 0L715.31 232.2Q624.86 186 512 186q-288.3 0-430.2 300.3a60.3 60.3 0 000 51.5q56.69 119.4 136.5 191.41L112.48 835a8 8 0 000 11.31L155.17 889a8 8 0 0011.31 0l712.15-712.12a8 8 0 000-11.32zM149.3 512C232.6 339.8 350.7 258 512 258c54.54 0 104.13 9.36 149.12 28.39l-70.3 70.3a176 176 0 00-238.13 238.13l-83.42 83.42C223.1 637.49 183.3 582.28 149.3 512zm246.7 0a112.11 112.11 0 01146.2-106.69L401.31 546.2A112 112 0 01396 512z"
                  />
                  <path
                    d="M508 624c-3.46 0-6.87-.16-10.25-.47l-52.82 52.82a176.09 176.09 0 00227.42-227.42l-52.82 52.82c.31 3.38.47 6.79.47 10.25a111.94 111.94 0 01-112 112z"
                  />
                </svg>
              </span>
            </span>
          </span>
        </div>
      </div>
    </div>
  </div>
  <div
    className="ant-row ant-form-item"
    style={
      Object {
        "marginBottom": undefined,
        "marginLeft": undefined,
        "marginRight": undefined,
        "marginTop": undefined,
      }
    }
  >
    <div
      className="ant-col ant-col-16 ant-col-offset-8 ant-form-item-control"
      style={Object {}}
    >
      <div
        className="ant-form-item-control-input"
      >
        <div
          className="ant-form-item-control-input-content"
        >
          <label
            className="ant-checkbox-wrapper ant-checkbox-wrapper-checked"
          >
            <span
              className="ant-checkbox ant-checkbox-checked"
              style={Object {}}
            >
              <input
                checked={true}
                className="ant-checkbox-input"
                id="basic_remember"
                onBlur={[Function]}
                onChange={[Function]}
                onFocus={[Function]}
                onKeyDown={[Function]}
                onKeyPress={[Function]}
                onKeyUp={[Function]}
                type="checkbox"
              />
              <span
                className="ant-checkbox-inner"
              />
            </span>
            <span>
              Remember me
            </span>
          </label>
        </div>
      </div>
    </div>
  </div>
  <div
    className="ant-row ant-form-item"
    style={
      Object {
        "marginBottom": undefined,
        "marginLeft": undefined,
        "marginRight": undefined,
        "marginTop": undefined,
      }
    }
  >
    <div
      className="ant-col ant-col-16 ant-col-offset-8 ant-form-item-control"
      style={Object {}}
    >
      <div
        className="ant-form-item-control-input"
      >
        <div
          className="ant-form-item-control-input-content"
        >
          <button
            className="ant-btn ant-btn-primary"
            onClick={[Function]}
            type="submit"
          >
            <span>
              Submit
            </span>
          </button>
        </div>
      </div>
    </div>
  </div>
</form>
`;

exports[`Storyshots @millifx/app/components/Link Link 1`] = `
<a
  className="ant-typography"
  style={
    Object {
      "WebkitLineClamp": undefined,
    }
  }
>
  A demo link
</a>
`;

exports[`Storyshots @millifx/chart Chart 1`] = `
<div>
  <div
    height="500"
    options={
      Object {
        "chart": Object {
          "id": "basic-line",
        },
        "colors": Array [
          "#E71F18",
          "#3FADEC",
        ],
        "xaxis": Object {
          "categories": Array [
            "31 Jan",
            "01 Feb",
            "02 Feb",
            "03 Feb",
            "04 Feb",
            "05 Feb",
            "08 Feb",
            "09 Feb",
            "10 Feb",
            "11 Feb",
            "12 Feb",
            "15 Feb",
            "16 Feb",
            "17 Feb",
            "18 Feb",
            "19 Feb",
            "22 Feb",
            "23 Feb",
            "24 Feb",
            "25 Feb",
            "26 Feb",
            "01 Mar",
            "02 Mar",
            "03 Mar",
            "04 Mar",
          ],
          "convertedCatToNumeric": true,
        },
        "yaxis": Object {
          "labels": Object {
            "show": false,
          },
        },
      }
    }
    series={
      Array [
        Object {
          "data": Array [
            30000,
            30031.48,
            30047.99,
            30090.98,
            30150.48,
            30202.12,
            30209.05,
            30246.14,
            30273.85,
            30320.57,
            30343.93,
            30358.2,
            30460.45,
            30498.51,
            30520.23,
            30533.24,
            30618.4,
            30614.04,
            30716.57,
            30798.21,
            30889.1,
            31048.29,
            31103.22,
            31125.94,
            31154.47,
          ],
          "name": "Balance",
        },
        Object {
          "data": Array [
            30000,
            30027.27,
            30020.01,
            29991.06,
            30098.91,
            30187.58,
            30185.23,
            30203.95,
            30156.69,
            30169.81,
            30101.93,
            29819.88,
            30145.06,
            29771.11,
            30049.61,
            29531.43,
            29263.78,
            27689.75,
            27506.79,
            27779.01,
            27829.68,
            28040.41,
            28005.33,
            28252.19,
            28301.97,
          ],
          "name": "Equity",
        },
      ]
    }
    type="line"
    width="100%"
  />
  <button
    onClick={[Function]}
  >
    W
  </button>
  <button
    onClick={[Function]}
  >
    M
  </button>
</div>
`;

exports[`Storyshots @millifx/error-boundary Generic Error 1`] = `
<span>
  Oops...Something went wrong. Please try again later.
</span>
`;

exports[`Storyshots @millifx/skeleton Skeleton 1`] = `
<div
  className="ant-skeleton ant-skeleton-active"
>
  <div
    className="ant-skeleton-content"
  >
    <h3
      className="ant-skeleton-title"
      style={
        Object {
          "width": "38%",
        }
      }
    />
    <ul
      className="ant-skeleton-paragraph"
    >
      <li
        style={
          Object {
            "width": undefined,
          }
        }
      />
      <li
        style={
          Object {
            "width": undefined,
          }
        }
      />
      <li
        style={
          Object {
            "width": "61%",
          }
        }
      />
    </ul>
  </div>
</div>
`;
